
> frontend@0.0.0 build
> vite build

[36mvite v8.0.3 [32mbuilding client environment for production...[36m[39m
[2K
transforming...Γ£ô 2195 modules transformed.
node.exe : [31mΓ£ù[39m Build failed in 1.10s
At line:1 char:1
+ & "C:\Program Files\nodejs/node.exe" "C:\Program Files\nodejs/node_mo ...
+ ~~~~~~~~~~~~~~~~~~~~~~~~~~~~~~~~~~~~~~~~~~~~~~~~~~~~~~~~~~~~~~~~~~~~~
    + CategoryInfo          : NotSpecified: ([31mΓ£ù[39m Build failed in 1.10s:String) [], RemoteException
    + FullyQualifiedErrorId : NativeCommandError
 
[31merror during build:
[31mBuild failed with 1 error:

[31m[builtin:vite-transform] Error:[0m Expected `,` or `}` but found `Identifier`
   [38;5;246mΓò¡[0m[38;5;246mΓöÇ[0m[38;5;246m[[0m src/components/ui/Button.jsx:2:21 [38;5;246m][0m
   [38;5;246mΓöé[0m
 [38;5;246m2 Γöé[0m 
[38;5;249mi[0m[38;5;249mm[0m[38;5;249mp[0m[38;5;249mo[0m[38;5;249mr[0m[38;5;249mt[0m[38;5;249m 
[0m{[38;5;249m [0m[38;5;249mc[0m[38;5;249ml[0m[38;5;249ms[0m[38;5;249mx[0m[38;5;249m,[0m[38;5;249m 
[0m[38;5;249mt[0m[38;5;249my[0m[38;5;249mp[0m[38;5;249me[0m[38;5;249m [0mClassValue[38;5;249m 
[0m[38;5;249m}[0m[38;5;249m [0m[38;5;249mf[0m[38;5;249mr[0m[38;5;249mo[0m[38;5;249mm[0m[38;5;249m 
[0m[38;5;249m'[0m[38;5;249mc[0m[38;5;249ml[0m[38;5;249ms[0m[38;5;249mx[0m[38;5;249m'[0m[38;5;249m;[0m
 [38;5;240m  Γöé[0m        Γö¼            ΓöÇΓöÇΓöÇΓöÇΓöÇΓö¼ΓöÇΓöÇΓöÇΓöÇ  
 [38;5;240m  Γöé[0m        Γò░ΓöÇΓöÇΓöÇΓöÇΓöÇΓöÇΓöÇΓöÇΓöÇΓöÇΓöÇΓöÇΓöÇΓöÇΓöÇΓöÇΓöÇΓöÇΓöÇΓöÇΓöÇΓöÇΓöÇΓöÇ Opened here
 [38;5;240m  Γöé[0m                          Γöé      
 [38;5;240m  Γöé[0m                          Γò░ΓöÇΓöÇΓöÇΓöÇΓöÇΓöÇ `,` or `}` expected
[38;5;246mΓöÇΓöÇΓöÇΓò»[0m
[31m
    at aggregateBindingErrorsIntoJsError 
(file:///D:/project%20saved/avataninew/frontend/node_modules/rolldown/dist/shared/error-BLhcSyeg.mjs:48:18)
    at unwrapBindingResult 
(file:///D:/project%20saved/avataninew/frontend/node_modules/rolldown/dist/shared/error-BLhcSyeg.mjs:18:128)
    at #build 
(file:///D:/project%20saved/avataninew/frontend/node_modules/rolldown/dist/shared/rolldown-build-CPrIX9V6.mjs:3313:34)
    at async buildEnvironment 
(file:///D:/project%20saved/avataninew/frontend/node_modules/vite/dist/node/chunks/node.js:32849:64)
    at async Object.build 
(file:///D:/project%20saved/avataninew/frontend/node_modules/vite/dist/node/chunks/node.js:33271:19)
    at async Object.buildApp 
(file:///D:/project%20saved/avataninew/frontend/node_modules/vite/dist/node/chunks/node.js:33268:153)
    at async CAC.<anonymous> (file:///D:/project%20saved/avataninew/frontend/node_modules/vite/dist/node/cli.js:778:3) 
{
  errors: [Getter/Setter]
}[39m
